SYSTEM 0
MOLECULE 0.0
MONOMER h2o
O         -4.45909850e-03     -5.13425796e-02      1.58138000e-05
H          9.86130211e-01     -7.45730984e-02      5.43240000e-06
H         -1.59747092e-01      8.96718089e-01     -1.64932000e-05
ENDMON 
ENDMOL 
ENDSYS 
SYSTEM 1
MOLECULE 1.0
MONOMER h2o
O         -4.45909850e-03     -5.13425796e-02      1.58138000e-05
H          9.86130211e-01     -7.45730984e-02      5.43240000e-06
H         -1.59747092e-01      8.96718089e-01     -1.64932000e-05
ENDMON 
ENDMOL 
ENDSYS 
