SYSTEM 0
Dimer[         0] ->        0       1
Dimer[         1] ->        0       2
Dimer[         2] ->        1       2
Dimer[         3] ->        3       4
Trimer[         0] ->        0       1       2
SYSTEM 1 (7 mons)
Dimer[         0] ->        0       1
Dimer[         1] ->        0       2
Dimer[         2] ->        0       3
Dimer[         3] ->        0       4
Dimer[         4] ->        0       5
Dimer[         5] ->        0       6
Dimer[         6] ->        1       2
Dimer[         7] ->        1       3
Dimer[         8] ->        1       4
Dimer[         9] ->        1       5
Dimer[        10] ->        1       6
Dimer[        11] ->        2       3
Dimer[        12] ->        2       4
Dimer[        13] ->        2       5
Dimer[        14] ->        2       6
Dimer[        15] ->        3       4
Dimer[        16] ->        3       5
Dimer[        17] ->        3       6
Dimer[        18] ->        4       5
Dimer[        19] ->        4       6
Dimer[        20] ->        5       6
Trimer[         0] ->        0       1       2
Trimer[         1] ->        0       1       3
Trimer[         2] ->        0       1       4
Trimer[         3] ->        0       1       5
Trimer[         4] ->        0       1       6
Trimer[         5] ->        0       2       3
Trimer[         6] ->        0       2       4
Trimer[         7] ->        0       2       5
Trimer[         8] ->        0       2       6
Trimer[         9] ->        0       3       4
Trimer[        10] ->        0       3       5
Trimer[        11] ->        0       3       6
Trimer[        12] ->        0       4       5
Trimer[        13] ->        0       4       6
Trimer[        14] ->        0       5       6
Trimer[        15] ->        1       2       3
Trimer[        16] ->        1       2       4
Trimer[        17] ->        1       2       5
Trimer[        18] ->        1       2       6
Trimer[        19] ->        1       3       4
Trimer[        20] ->        1       3       5
Trimer[        21] ->        1       3       6
Trimer[        22] ->        1       4       5
Trimer[        23] ->        1       4       6
Trimer[        24] ->        1       5       6
Trimer[        25] ->        2       3       4
Trimer[        26] ->        2       3       5
Trimer[        27] ->        2       3       6
Trimer[        28] ->        2       4       5
Trimer[        29] ->        2       4       6
Trimer[        30] ->        2       5       6
Trimer[        31] ->        3       4       5
Trimer[        32] ->        3       4       6
Trimer[        33] ->        3       5       6
Trimer[        34] ->        4       5       6
